{
  "channel": "#test",
  "text": "1 new commits pushed to `<https://github.com/test|test>` by Ola Nordmann",
  "attachments": [
     {
       "text": "`<https://github.com/test|d6f21c84>` - test\n"
     }
   ]
}
